// Jest Snapshot v1, https://goo.gl/fbAQLP

exports[`CreateCustomTransactionForm matches the snapshot 1`] = `
<div
  class="css-dm9b5a"
>
  <button
    disabled=""
    type="submit"
    class="css-8yq2qw"
  >
    -
  </button>
  <input
    placeholder="CUSTOM AMOUNT"
    type="text"
    value="0.00"
  />
  <button
    disabled=""
    type="submit"
    class="css-8yq2qw"
  >
    +
  </button>
</div>
`;
