// Vitest Snapshot v1, https://vitest.dev/guide/snapshot.html

exports[`action creators > getArticleByBarcode > fetches articles by barcode 1`] = `
[
  {
    "payload": {
      "GLOBAL_LOADER": true,
    },
    "type": "loader/setLoader",
  },
  {
    "payload": {
      "GLOBAL_ERROR": "",
    },
    "type": "error/setError",
  },
  {
    "payload": {
      "GLOBAL_LOADER": false,
    },
    "type": "loader/setLoader",
  },
  {
    "payload": [
      {
        "id": 1,
      },
    ],
    "type": "articlesLoaded",
  },
]
`;

exports[`action creators > startAddArticle >  1`] = `
[
  {
    "payload": {
      "GLOBAL_LOADER": true,
    },
    "type": "loader/setLoader",
  },
  {
    "payload": {
      "GLOBAL_ERROR": "",
    },
    "type": "error/setError",
  },
  {
    "payload": {
      "GLOBAL_LOADER": false,
    },
    "type": "loader/setLoader",
  },
  {
    "payload": [
      {
        "id": 1,
      },
    ],
    "type": "articlesLoaded",
  },
]
`;

exports[`action creators > startLoadingArticles 1`] = `
[
  {
    "payload": {
      "GLOBAL_LOADER": true,
    },
    "type": "loader/setLoader",
  },
  {
    "payload": {
      "GLOBAL_ERROR": "",
    },
    "type": "error/setError",
  },
  {
    "payload": {
      "GLOBAL_LOADER": false,
    },
    "type": "loader/setLoader",
  },
  {
    "payload": [
      {
        "id": 1,
      },
    ],
    "type": "articlesLoaded",
  },
]
`;
