// Vitest Snapshot v1, https://vitest.dev/guide/snapshot.html

exports[`action creators > startLoadingSettings 1`] = `
[
  {
    "payload": {
      "GLOBAL_LOADER": true,
    },
    "type": "loader/setLoader",
  },
  {
    "payload": {
      "GLOBAL_ERROR": "",
    },
    "type": "error/setError",
  },
  {
    "payload": {
      "GLOBAL_LOADER": false,
    },
    "type": "loader/setLoader",
  },
  {
    "payload": {
      "account": {
        "boundary": {
          "lower": -20000,
          "upper": 20000,
        },
      },
      "article": {
        "autoOpen": false,
        "enabled": false,
      },
      "common": {
        "idleTimeout": 30000,
      },
      "i18n": {
        "currency": {
          "alpha3": "EUR",
          "name": "Euro",
          "symbol": "€",
        },
        "dateFormat": "YYYY-MM-DD HH:mm:ss",
        "language": "en",
        "timezone": "auto",
      },
      "payment": {
        "boundary": {
          "lower": -2000,
          "upper": 15000,
        },
        "deposit": {
          "custom": true,
          "enabled": true,
          "steps": [
            50,
            100,
            200,
            500,
            1000,
          ],
        },
        "dispense": {
          "custom": true,
          "enabled": true,
          "steps": [
            50,
            100,
            200,
            500,
            1000,
          ],
        },
        "splitInvoice": {
          "enabled": true,
        },
        "transactions": {
          "enabled": true,
        },
        "undo": {
          "delete": true,
          "enabled": true,
          "timeout": "5 minute",
        },
      },
      "paypal": {
        "enabled": true,
        "fee": 0,
        "recipient": "finanzen@hackerspace-bamberg.de",
        "sandbox": true,
      },
      "user": {
        "stalePeriod": "10 day",
      },
    },
    "type": "SETTINGS_LOADED",
  },
]
`;
