// Jest Snapshot v1, https://goo.gl/fbAQLP

exports[`CreateCustomTransaction with deposit matches the snapshot 1`] = `
<section
  class="css-q5fqw0"
>
  <div
    class="css-kmcglx"
  >
    <div
      class="css-1aayd4f"
    >
      <button
        disabled=""
        type="submit"
        class="css-8yq2qw"
      >
        -
      </button>
      <input
        placeholder="CUSTOM AMOUNT"
        type="text"
        value="0.00"
      />
      <button
        disabled=""
        type="submit"
        class="css-8yq2qw"
      >
        +
      </button>
    </div>
  </div>
</section>
`;

exports[`CreateCustomTransaction with dispense matches the snapshot 1`] = `
<section
  class="css-q5fqw0"
>
  <div
    class="css-kmcglx"
  >
    <div
      class="css-1aayd4f"
    >
      <button
        disabled=""
        type="submit"
        class="css-8yq2qw"
      >
        -
      </button>
      <input
        placeholder="CUSTOM AMOUNT"
        type="text"
        value="0.00"
      />
      <button
        disabled=""
        type="submit"
        class="css-8yq2qw"
      >
        +
      </button>
    </div>
  </div>
</section>
`;
