// Jest Snapshot v1, https://goo.gl/fbAQLP

exports[`CreateCustomTransaction with deposit matches the snapshot 1`] = `
<div
  class="css-wc19cd"
>
  <section
    class="css-q5fqw0"
  >
    <div
      class="css-1xusjsg"
    >
      <div
        class="css-1e5tckv"
      >
        <button
          class="css-jkq7r1"
          disabled=""
          type="submit"
        >
          -
        </button>
        <div>
          <input
            class="css-1f8yohd"
            placeholder="CUSTOM AMOUNT"
            type="text"
            value="CUSTOM AMOUNT"
          />
        </div>
        <button
          class="css-16z8f29"
          disabled=""
          type="submit"
        >
          +
        </button>
      </div>
    </div>
  </section>
  <footer
    class="css-1tj9kyk"
  >
    <button
      class="css-1f8szff"
      color="#64a4bd"
      type="text"
    >
      <span>
        BACK_BUTTON
      </span>
    </button>
  </footer>
</div>
`;

exports[`CreateCustomTransaction with dispense matches the snapshot 1`] = `
<div
  class="css-wc19cd"
>
  <section
    class="css-q5fqw0"
  >
    <div
      class="css-1xusjsg"
    >
      <div
        class="css-1e5tckv"
      >
        <button
          class="css-jkq7r1"
          disabled=""
          type="submit"
        >
          -
        </button>
        <div>
          <input
            class="css-1f8yohd"
            placeholder="CUSTOM AMOUNT"
            type="text"
            value="CUSTOM AMOUNT"
          />
        </div>
        <button
          class="css-16z8f29"
          disabled=""
          type="submit"
        >
          +
        </button>
      </div>
    </div>
  </section>
  <footer
    class="css-1tj9kyk"
  >
    <button
      class="css-1f8szff"
      color="#64a4bd"
      type="text"
    >
      <span>
        BACK_BUTTON
      </span>
    </button>
  </footer>
</div>
`;
